../Core/Src/esp8266_io.c:29:8:esp8266_io_init	8	static
../Core/Src/esp8266_io.c:43:8:uart_dma_restart	8	static
../Core/Src/esp8266_io.c:64:6:io_buff_reset	8	static
../Core/Src/esp8266_io.c:75:6:esp8266_io_deinit	8	static
../Core/Src/esp8266_io.c:87:8:esp8266_io_send	16	static
../Core/Src/esp8266_io.c:103:9:esp8266_io_recv	24	static
../Core/Src/esp8266_io.c:135:6:HAL_UARTEx_RxEventCallback	24	static
../Core/Src/esp8266_io.c:164:6:HAL_UART_ErrorCallback	16	static
../Core/Src/esp8266_io.c:175:13:esp8266_io_error_handler	8	static
