../Core/Src/sh1106.c:15:17:sh1106_send_commands	32	static
../Core/Src/sh1106.c:25:10:sh1106_write_command	32	static
../Core/Src/sh1106.c:38:10:sh1106_init	56	static
../Core/Src/sh1106.c:71:10:sh1106_clear	8	static
../Core/Src/sh1106.c:79:10:sh1106_update_screen	40	static
../Core/Src/sh1106.c:94:10:sh1106_draw_pixel	16	static
../Core/Src/sh1106.c:108:10:sh1106_gotoXY	16	static
../Core/Src/sh1106.c:119:10:sh1106_draw_line	32	static
../Core/Src/sh1106.c:137:10:sh1106_draw_rect	32	static
../Core/Src/sh1106.c:146:10:sh1106_draw_circle	32	static
../Core/Src/sh1106.c:180:6:sh1106_putc	32	static
../Core/Src/sh1106.c:211:6:sh1106_puts	24	static
